// Jest Snapshot v1, https://goo.gl/fbAQLP

exports[`----- ProductAction ----- renders the UI as expected 1`] = `
<button
  className="button"
  onClick={[Function]}
>
  Edit Product
</button>
`;
