// Jest Snapshot v1, https://goo.gl/fbAQLP

exports[`----- Signup ----- renders the UI as expected 1`] = `
<main
  className="signup-login main"
>
  <form
    autoComplete="off"
    onSubmit={[Function]}
  >
    <h2>
      Signup
    </h2>
    <div
      className="form-group"
    >
      <label
        htmlFor="title"
      >
        Business Name
      </label>
      <input
        id="title"
        name="title"
        onChange={[Function]}
        type="text"
      />
    </div>
    <div
      className="form-group"
    >
      <label
        htmlFor="pathname"
      >
        URL Pathname
      </label>
      <input
        id="pathname"
        maxLength={20}
        name="pathname"
        onChange={[Function]}
        type="text"
      />
    </div>
    <div
      className="form-group"
    >
      <label
        htmlFor="email"
      >
        Email
      </label>
      <input
        id="email"
        name="email"
        onChange={[Function]}
        type="text"
      />
    </div>
    <div
      className="form-group"
    >
      <label
        htmlFor="password"
      >
        Password
      </label>
      <input
        id="password"
        name="password"
        onChange={[Function]}
        type="password"
      />
    </div>
    <div
      className="form-group"
    >
      <label
        htmlFor="confirmPassword"
      >
        Confirm Password
      </label>
      <input
        id="confirmPassword"
        name="confirmPassword"
        onChange={[Function]}
        type="password"
      />
    </div>
    <button
      disabled={true}
      type="submit"
    >
      Submit
    </button>
    <p>
      Already have an account?
    </p>
    <a
      aria-current={null}
      className="login-here"
      href="/login"
      onClick={[Function]}
    >
      Login here.
    </a>
  </form>
</main>
`;
